A51 MACRO ASSEMBLER  LAB_2_PROBLEM_1                                                      01/24/2022 16:09:37 PAGE     1


MACRO ASSEMBLER A51 V8.2.7.0
OBJECT MODULE PLACED IN .\Objects\lab_2_problem_1.obj
ASSEMBLER INVOKED BY: D:\Keil\C51\BIN\A51.EXE lab_2_problem_1.a51 SET(SMALL) DEBUG PRINT(.\Listings\lab_2_problem_1.lst)
                       OBJECT(.\Objects\lab_2_problem_1.obj) EP

LOC  OBJ            LINE     SOURCE

                       1     
0000                   2     ORG 0H
0000 020100            3     LJMP MAIN
0100                   4     ORG 100H
0100                   5     MAIN:
0100 3130              6     CALL ADD16
0102 80FE              7     HERE: SJMP HERE
0130                   8     ORG 130H
                       9     
0130                  10     ADD16:
                      11     
0130 C3               12     CLR C
0131 E571             13     MOV A, 71H
0133 2573             14     ADD A, 73H
0135 F576             15     MOV 76H, A
0137 E570             16     MOV A, 70H
0139 3572             17     ADDC A, 72H
013B F575             18     MOV 75H, A
013D 7400             19     MOV A, #00H
013F 3400             20     ADDC A, #00H
0141 F574             21     MOV 74H, A
                      22     
                      23     
0143 22               24     RET
                      25     END
A51 MACRO ASSEMBLER  LAB_2_PROBLEM_1                                                      01/24/2022 16:09:37 PAGE     2

SYMBOL TABLE LISTING
------ ----- -------


N A M E             T Y P E  V A L U E   ATTRIBUTES

ADD16. . . . . . .  C ADDR   0130H   A   
HERE . . . . . . .  C ADDR   0102H   A   
MAIN . . . . . . .  C ADDR   0100H   A   


REGISTER BANK(S) USED: 0 


ASSEMBLY COMPLETE.  0 WARNING(S), 0 ERROR(S)
